{"__type":"$$EventMessageAudit","id":"9e0bb383-a92f-4fe3-a140-c8f02f3950e4","ts":"2026-05-13T22:29:27.978+07:00","eventName":"n8n.audit.user.credentials.updated","message":"n8n.audit.user.credentials.updated","payload":{"userId":"0a843bf0-9d73-4a40-92e2-34a8cf047493","_email":"arkar.acc2003@gmail.com","_firstName":"Htet","_lastName":"Arkar","globalRole":"global:owner","credentialType":"mqtt","credentialId":"pyRqpXCTzCkh1bzW","isDynamic":false,"usesExternalSecrets":false}}
{"__type":"$$EventMessageConfirm","confirm":"9e0bb383-a92f-4fe3-a140-c8f02f3950e4","ts":"2026-05-13T22:29:27.978+07:00","source":{"id":"0","name":"eventBus"}}
{"__type":"$$EventMessageAudit","id":"4c30f1e8-1f8b-4316-bff2-d4dccfe82906","ts":"2026-05-13T22:29:40.630+07:00","eventName":"n8n.audit.user.credentials.updated","message":"n8n.audit.user.credentials.updated","payload":{"userId":"0a843bf0-9d73-4a40-92e2-34a8cf047493","_email":"arkar.acc2003@gmail.com","_firstName":"Htet","_lastName":"Arkar","globalRole":"global:owner","credentialType":"mqtt","credentialId":"pyRqpXCTzCkh1bzW","isDynamic":false,"usesExternalSecrets":false}}
{"__type":"$$EventMessageConfirm","confirm":"4c30f1e8-1f8b-4316-bff2-d4dccfe82906","ts":"2026-05-13T22:29:40.630+07:00","source":{"id":"0","name":"eventBus"}}
{"__type":"$$EventMessageAudit","id":"f11fa93b-4822-4003-a2f2-e9778ac355cf","ts":"2026-05-13T22:29:45.943+07:00","eventName":"n8n.audit.workflow.executed","message":"n8n.audit.workflow.executed","payload":{"userId":"0a843bf0-9d73-4a40-92e2-34a8cf047493","_email":"arkar.acc2003@gmail.com","_firstName":"Htet","_lastName":"Arkar","globalRole":"global:owner","workflowId":"P0OmfbAIeWALp29h","workflowName":"Local MQTT","executionId":"48","source":"user-manual"}}
{"__type":"$$EventMessageConfirm","confirm":"f11fa93b-4822-4003-a2f2-e9778ac355cf","ts":"2026-05-13T22:29:45.944+07:00","source":{"id":"0","name":"eventBus"}}
{"__type":"$$EventMessageWorkflow","id":"b619694f-f90a-4889-ace4-cf9c0c343046","ts":"2026-05-13T22:29:45.944+07:00","eventName":"n8n.workflow.started","message":"n8n.workflow.started","payload":{"executionId":"48","workflowId":"P0OmfbAIeWALp29h","isManual":false,"mode":"manual","workflowName":"Local MQTT","projectId":"yyLdxcqYKHGXLqea","projectName":"Htet Arkar <arkar.acc2003@gmail.com>"}}
{"__type":"$$EventMessageConfirm","confirm":"b619694f-f90a-4889-ace4-cf9c0c343046","ts":"2026-05-13T22:29:45.944+07:00","source":{"id":"0","name":"eventBus"}}
{"__type":"$$EventMessageNode","id":"1b3c3d4e-84ee-47f7-8f7f-14fd96770d30","ts":"2026-05-13T22:29:45.956+07:00","eventName":"n8n.node.started","message":"n8n.node.started","payload":{"workflowId":"P0OmfbAIeWALp29h","workflowName":"Local MQTT","executionId":"48","nodeType":"n8n-nodes-base.mqttTrigger","nodeName":"MQTT Trigger","nodeId":"baa908e8-6fd3-45d9-bee5-a383a4713ffc"}}
{"__type":"$$EventMessageConfirm","confirm":"1b3c3d4e-84ee-47f7-8f7f-14fd96770d30","ts":"2026-05-13T22:29:45.957+07:00","source":{"id":"0","name":"eventBus"}}
{"__type":"$$EventMessageNode","id":"62d3374c-2ff1-4a22-b11f-809f7687c7a3","ts":"2026-05-13T22:30:16.089+07:00","eventName":"n8n.node.finished","message":"n8n.node.finished","payload":{"workflowId":"P0OmfbAIeWALp29h","workflowName":"Local MQTT","executionId":"48","nodeType":"n8n-nodes-base.mqttTrigger","nodeName":"MQTT Trigger","nodeId":"baa908e8-6fd3-45d9-bee5-a383a4713ffc"}}
{"__type":"$$EventMessageConfirm","confirm":"62d3374c-2ff1-4a22-b11f-809f7687c7a3","ts":"2026-05-13T22:30:16.089+07:00","source":{"id":"0","name":"eventBus"}}
{"__type":"$$EventMessageNode","id":"8d3f5c5c-ebe0-47ea-b4ab-01ef100a58c8","ts":"2026-05-13T22:30:16.093+07:00","eventName":"n8n.node.started","message":"n8n.node.started","payload":{"workflowId":"P0OmfbAIeWALp29h","workflowName":"Local MQTT","executionId":"48","nodeType":"n8n-nodes-base.if","nodeName":"If","nodeId":"c98917a8-1c67-4489-b800-c1b094f4034c"}}
{"__type":"$$EventMessageConfirm","confirm":"8d3f5c5c-ebe0-47ea-b4ab-01ef100a58c8","ts":"2026-05-13T22:30:16.094+07:00","source":{"id":"0","name":"eventBus"}}
{"__type":"$$EventMessageNode","id":"100b3ff1-cd97-435a-9f69-ad466d2ff858","ts":"2026-05-13T22:30:16.150+07:00","eventName":"n8n.node.finished","message":"n8n.node.finished","payload":{"workflowId":"P0OmfbAIeWALp29h","workflowName":"Local MQTT","executionId":"48","nodeType":"n8n-nodes-base.if","nodeName":"If","nodeId":"c98917a8-1c67-4489-b800-c1b094f4034c"}}
{"__type":"$$EventMessageConfirm","confirm":"100b3ff1-cd97-435a-9f69-ad466d2ff858","ts":"2026-05-13T22:30:16.150+07:00","source":{"id":"0","name":"eventBus"}}
{"__type":"$$EventMessageNode","id":"3734bb4e-9353-41b0-8ae4-f3b9f2116d16","ts":"2026-05-13T22:30:16.152+07:00","eventName":"n8n.node.started","message":"n8n.node.started","payload":{"workflowId":"P0OmfbAIeWALp29h","workflowName":"Local MQTT","executionId":"48","nodeType":"n8n-nodes-base.set","nodeName":"Edit Fields","nodeId":"1dd561ca-7987-415c-b260-6bfb3cc54525"}}
{"__type":"$$EventMessageConfirm","confirm":"3734bb4e-9353-41b0-8ae4-f3b9f2116d16","ts":"2026-05-13T22:30:16.152+07:00","source":{"id":"0","name":"eventBus"}}
{"__type":"$$EventMessageNode","id":"ef7dc5f3-dfa4-4476-a6ec-b8dd0ba3181a","ts":"2026-05-13T22:30:16.156+07:00","eventName":"n8n.node.finished","message":"n8n.node.finished","payload":{"workflowId":"P0OmfbAIeWALp29h","workflowName":"Local MQTT","executionId":"48","nodeType":"n8n-nodes-base.set","nodeName":"Edit Fields","nodeId":"1dd561ca-7987-415c-b260-6bfb3cc54525"}}
{"__type":"$$EventMessageConfirm","confirm":"ef7dc5f3-dfa4-4476-a6ec-b8dd0ba3181a","ts":"2026-05-13T22:30:16.157+07:00","source":{"id":"0","name":"eventBus"}}
{"__type":"$$EventMessageWorkflow","id":"14fbea1b-82fa-4bb8-8a27-1e2861cd5b2e","ts":"2026-05-13T22:30:16.163+07:00","eventName":"n8n.workflow.success","message":"n8n.workflow.success","payload":{"userId":"0a843bf0-9d73-4a40-92e2-34a8cf047493","executionId":"48","success":true,"isManual":true,"mode":"manual","workflowId":"P0OmfbAIeWALp29h","workflowName":"Local MQTT","projectId":"yyLdxcqYKHGXLqea","projectName":"Htet Arkar <arkar.acc2003@gmail.com>"}}
{"__type":"$$EventMessageConfirm","confirm":"14fbea1b-82fa-4bb8-8a27-1e2861cd5b2e","ts":"2026-05-13T22:30:16.163+07:00","source":{"id":"0","name":"eventBus"}}
